// Jest Snapshot v1, https://goo.gl/fbAQLP

exports[`renders correctly 1`] = `
<div
  className="MuiBox-root css-1r1aq4"
>
  <h4
    className="MuiTypography-root MuiTypography-h4 css-pxw7rc-MuiTypography-root"
  >
    Suggested Artists
  </h4>
  <div
    style={
      Object {
        "display": "none",
      }
    }
  >
    <div
      className="MuiGrid-root MuiGrid-container MuiGrid-spacing-xs-2 MuiGrid-spacing-md-3 css-1xgjpwf-MuiGrid-root"
    >
      <div
        className="MuiGrid-root MuiGrid-item MuiGrid-grid-xs-2 MuiGrid-grid-sm-3 MuiGrid-grid-md-3 css-1plh1vb-MuiGrid-root"
      >
        <div
          style={
            Object {
              "textAlign": "center",
            }
          }
        >
          <span
            className="MuiSkeleton-root MuiSkeleton-circular MuiSkeleton-pulse css-fomgco-MuiSkeleton-root"
            style={
              Object {
                "height": "150px",
                "margin": "20px auto",
                "width": "150px",
              }
            }
          />
          <span
            className="MuiSkeleton-root MuiSkeleton-text MuiSkeleton-pulse css-1n7gpw1-MuiSkeleton-root"
            style={
              Object {
                "height": undefined,
                "width": "100%",
              }
            }
          />
        </div>
      </div>
      <div
        className="MuiGrid-root MuiGrid-item MuiGrid-grid-xs-2 MuiGrid-grid-sm-3 MuiGrid-grid-md-3 css-1plh1vb-MuiGrid-root"
      >
        <div
          style={
            Object {
              "textAlign": "center",
            }
          }
        >
          <span
            className="MuiSkeleton-root MuiSkeleton-circular MuiSkeleton-pulse css-fomgco-MuiSkeleton-root"
            style={
              Object {
                "height": "150px",
                "margin": "20px auto",
                "width": "150px",
              }
            }
          />
          <span
            className="MuiSkeleton-root MuiSkeleton-text MuiSkeleton-pulse css-1n7gpw1-MuiSkeleton-root"
            style={
              Object {
                "height": undefined,
                "width": "100%",
              }
            }
          />
        </div>
      </div>
      <div
        className="MuiGrid-root MuiGrid-item MuiGrid-grid-xs-2 MuiGrid-grid-sm-3 MuiGrid-grid-md-3 css-1plh1vb-MuiGrid-root"
      >
        <div
          style={
            Object {
              "textAlign": "center",
            }
          }
        >
          <span
            className="MuiSkeleton-root MuiSkeleton-circular MuiSkeleton-pulse css-fomgco-MuiSkeleton-root"
            style={
              Object {
                "height": "150px",
                "margin": "20px auto",
                "width": "150px",
              }
            }
          />
          <span
            className="MuiSkeleton-root MuiSkeleton-text MuiSkeleton-pulse css-1n7gpw1-MuiSkeleton-root"
            style={
              Object {
                "height": undefined,
                "width": "100%",
              }
            }
          />
        </div>
      </div>
      <div
        className="MuiGrid-root MuiGrid-item MuiGrid-grid-xs-2 MuiGrid-grid-sm-3 MuiGrid-grid-md-3 css-1plh1vb-MuiGrid-root"
      >
        <div
          style={
            Object {
              "textAlign": "center",
            }
          }
        >
          <span
            className="MuiSkeleton-root MuiSkeleton-circular MuiSkeleton-pulse css-fomgco-MuiSkeleton-root"
            style={
              Object {
                "height": "150px",
                "margin": "20px auto",
                "width": "150px",
              }
            }
          />
          <span
            className="MuiSkeleton-root MuiSkeleton-text MuiSkeleton-pulse css-1n7gpw1-MuiSkeleton-root"
            style={
              Object {
                "height": undefined,
                "width": "100%",
              }
            }
          />
        </div>
      </div>
    </div>
  </div>
  <div
    className="MuiGrid-root MuiGrid-container MuiGrid-spacing-xs-2 MuiGrid-spacing-md-3 css-1xgjpwf-MuiGrid-root"
  />
</div>
`;
