// Jest Snapshot v1, https://goo.gl/fbAQLP

exports[`renders correctly 1`] = `
<div>
  <h4
    className="MuiTypography-root MuiTypography-h4 css-pxw7rc-MuiTypography-root"
  >
    Recently Viewed
  </h4>
  <p>
    No Bands Recently Viewed
  </p>
</div>
`;
